2026/10/10 16:30:19 自定义工具 browser 暂不可用（已跳过）: 未配置 command（binary 工具需要 {param} 占位模板）
2026/10/10 16:30:19 自定义工具 browser 暂不可用（已跳过）: 未配置 command（binary 工具需要 {param} 占位模板）
2026/10/10 16:30:19 搜索渠道配置: C:\Users\xzy\Desktop\my\lxcode\android\.tmp-batch2\config\search.json（就绪=true）
2026/10/10 16:30:19 模型目录: C:\Users\xzy\Desktop\my\lxcode\android\.tmp-batch2\config\model-catalog.json（源 https://models.dev/api.json）
2026/10/10 16:30:19 后端 WS 服务监听 127.0.0.1:7790/rpc
2026/10/10 16:30:34 客户端接入: probe (协议 2)
2026/10/10 16:30:45 客户端接入: probe (协议 2)
2026/10/10 16:32:44 客户端接入: android (协议 2)
2026/10/10 16:42:08 客户端接入: android (协议 2)
2026/10/10 16:46:23 轮次计时: 模型=GLM-5.3-Flash 首字=1030ms 耗时=1740ms 输出=114tok 吞吐=160.6tok/s
2026/10/10 16:46:25 轮次计时: 模型=GLM-5.3-Flash 首字=- 耗时=2030ms 输出=24tok 吞吐=11.8tok/s
2026/10/10 16:46:26 轮次计时: 模型=GLM-5.3-Flash 首字=270ms 耗时=943ms 输出=93tok 吞吐=138.2tok/s
2026/10/10 16:47:07 轮次计时: 模型=GLM-5.3-Flash 首字=790ms 耗时=2435ms 输出=125tok 吞吐=76.0tok/s
2026/10/10 16:47:27 轮次计时: 模型=GLM-5.3-Flash 首字=1107ms 耗时=6763ms 输出=440tok 吞吐=77.8tok/s
2026/10/10 16:49:07 轮次计时: 模型=GLM-5.3-Flash 首字=1386ms 耗时=6353ms 输出=437tok 吞吐=88.0tok/s
2026/10/10 16:49:49 轮次计时: 模型=GLM-5.3-Flash 首字=890ms 耗时=5468ms 输出=470tok 吞吐=102.7tok/s
2026/10/10 16:49:54 轮次计时: 模型=GLM-5.3-Flash 首字=1310ms 耗时=4889ms 输出=330tok 吞吐=92.2tok/s
2026/10/10 16:51:47 轮次计时: 模型=GLM-5.3-Flash 首字=545ms 耗时=3343ms 输出=310tok 吞吐=110.8tok/s
2026/10/10 16:52:47 轮次计时: 模型=GLM-5.3-Flash 首字=- 耗时=59101ms 输出=66tok 吞吐=1.1tok/s
2026/10/10 16:53:26 轮次计时: 模型=GLM-5.3-Flash 首字=796ms 耗时=2522ms 输出=125tok 吞吐=72.4tok/s
2026/10/10 16:53:28 轮次计时: 模型=GLM-5.3-Flash 首字=768ms 耗时=1788ms 输出=105tok 吞吐=102.9tok/s
2026/10/10 16:53:29 轮次计时: 模型=GLM-5.3-Flash 首字=458ms 耗时=1282ms 输出=114tok 吞吐=138.3tok/s
2026/10/10 16:55:12 轮次计时: 模型=GLM-5.3-Flash 首字=13678ms 耗时=14990ms 输出=144tok 吞吐=109.8tok/s
2026/10/10 16:55:21 轮次计时: 模型=GLM-5.3-Flash 首字=- 耗时=8253ms 输出=30tok 吞吐=3.6tok/s
2026/10/10 16:55:22 轮次计时: 模型=GLM-5.3-Flash 首字=- 耗时=1847ms 输出=30tok 吞吐=16.2tok/s
2026/10/10 16:55:24 轮次计时: 模型=GLM-5.3-Flash 首字=435ms 耗时=1936ms 输出=99tok 吞吐=66.0tok/s
2026/10/10 16:55:27 轮次计时: 模型=GLM-5.3-Flash 首字=728ms 耗时=2196ms 输出=99tok 吞吐=67.4tok/s
